.\capstone_venv\Scripts\python.exe : Tesseract OCR error: tesseract is not 
installed or it's not in your PATH. See README file for more information.
At line:1 char:1
+ .\capstone_venv\Scripts\python.exe test_fixed_extraction.py > test_ou ...
+ ~~~~~~~~~~~~~~~~~~~~~~~~~~~~~~~~~~~~~~~~~~~~~~~~~~~~~~~~~~~~~~~~~~~~~
    + CategoryInfo          : NotSpecified: (Tesseract OCR e...re information. 
   :String) [], RemoteException
    + FullyQualifiedErrorId : NativeCommandError
 
C:\Users\khayatimittal\Downloads\tax_deduction_finder-20260418T111013Z-3-001\ta
x_deduction_finder\capstone_venv\lib\site-packages\torch\utils\data\dataloader.
py:775: UserWarning: 'pin_memory' argument is set as true but no accelerator 
is found, then device pinned memory won't be used.
  super().__init__(loader)
Testing fixed extraction...
============================================================
Traceback (most recent call last):
  File "C:\Users\khayatimittal\Downloads\tax_deduction_finder-20260418T111013Z-
3-001\tax_deduction_finder\test_fixed_extraction.py", line 18, in <module>
    print(f"\n[OK] Extracted {len(transactions)} transactions")
  File "C:\Users\khayatimittal\AppData\Local\Programs\Python\Python310\lib\enco
dings\cp1252.py", line 19, in encode
    return codecs.charmap_encode(input,self.errors,encoding_table)[0]
UnicodeEncodeError: 'charmap' codec can't encode character '\u2713' in 
position 2: character maps to <undefined>
